
[1m[7m[36m RUN [39m[27m[22m [36mv2.1.9 [39m[90mC:/Users/Latitude 5490/Desktop/Casamento[39m

[90mstdout[2m | tests/integration/dashboard-event.api.test.js[2m > [22m[2m/api/dashboard/event[2m > [22m[2mupdates allowed fields and deep-merges config for the authenticated owner
[22m[39m[dashboard/event] PATCH received: {
  eventId: [32m'event-1'[39m,
  slug: [90mundefined[39m,
  configKeys: [ [32m'activeTheme'[39m, [32m'texts'[39m, [32m'pages'[39m ]
}
[dashboard/event] Update payload: { tableFields: [ [32m'active_theme'[39m ], configSize: [33m157[39m }

[90mstdout[2m | tests/integration/dashboard-event.api.test.js[2m > [22m[2m/api/dashboard/event[2m > [22m[2mfalls back to the latest owned event on PATCH when the lookup is missing
[22m[39m[dashboard/event] PATCH received: { eventId: [32m'event-1'[39m, slug: [32m'test-event'[39m, configKeys: [ [32m'texts'[39m ] }
[dashboard/event] Update payload: { tableFields: [], configSize: [33m32[39m }

[90mstdout[2m | tests/integration/dashboard-event.api.test.js[2m > [22m[2m/api/dashboard/event[2m > [22m[2mignores gallery entries sent by PATCH payload
[22m[39m[dashboard/event] PATCH received: { eventId: [32m'event-1'[39m, slug: [90mundefined[39m, configKeys: [ [32m'pages'[39m ] }
[dashboard/event] Update payload: { tableFields: [], configSize: [33m60[39m }

 [32mÔ£ô[39m tests/integration/dashboard-event.api.test.js[2m > [22m/api/dashboard/event[2m > [22mloads an event config by slug for the current dashboard session
 [32mÔ£ô[39m tests/integration/dashboard-event.api.test.js[2m > [22m/api/dashboard/event[2m > [22mfalls back to the latest owned event on GET when slug lookup is stale
 [31m├ù[39m tests/integration/dashboard-event.api.test.js[2m > [22m/api/dashboard/event[2m > [22mupdates allowed fields and deep-merges config for the authenticated owner
[31m   ÔåÆ expected 500 to be 200 // Object.is equality[39m
 [31m├ù[39m tests/integration/dashboard-event.api.test.js[2m > [22m/api/dashboard/event[2m > [22mfalls back to the latest owned event on PATCH when the lookup is missing
[31m   ÔåÆ expected 500 to be 200 // Object.is equality[39m
 [31m├ù[39m tests/integration/dashboard-event.api.test.js[2m > [22m/api/dashboard/event[2m > [22mignores gallery entries sent by PATCH payload
[31m   ÔåÆ expected 500 to be 200 // Object.is equality[39m
 [32mÔ£ô[39m tests/integration/dashboard-event.api.test.js[2m > [22m/api/dashboard/event[2m > [22mreturns 401 when the bearer token is missing
 [32mÔ£ô[39m tests/integration/dashboard-event.api.test.js[2m > [22m/api/dashboard/event[2m > [22mblocks PATCH for demo locked events
 [31m├ù[39m tests/integration/dashboard-event.api.test.js[2m > [22m/api/dashboard/guest-groups[2m > [22mreturns invite links with event slug on GET and POST
[31m   ÔåÆ expected 403 to be 201 // Object.is equality[39m

[2m Test Files [22m [1m[31m1 failed[39m[22m[90m (1)[39m
[2m      Tests [22m [1m[31m4 failed[39m[22m[2m | [22m[1m[32m4 passed[39m[22m[90m (8)[39m
[2m   Start at [22m 09:58:55
[2m   Duration [22m 1.14s[2m (transform 91ms, setup 18ms, collect 63ms, tests 138ms, environment 403ms, prepare 153ms)[22m

